retry_tolerance = 0.030
max_adjust = 10

[telemetry]
enabled = False
=======================
temperature_probe btt_eddy: No drift calibration configured, disabling temperature drift compensation
temperature_probe btt_eddy: registered drift compensation with probe [probe_eddy_current btt_eddy]
BMxx80: Oversampling: Temp 2x Humid 2x Pressure 2x
BMxx80: IIR: 1x
Extruder max_extrude_ratio=0.266081
mcu 'mcu': Starting serial connect
webhooks client 547297871344: New connection
webhooks client 547297871344: Client info {'program': 'Moonraker', 'version': 'v0.10.0-20-g9008485'}
mcu 'mcu': got {'oid': 6, 'next_clock': 854816000, 'count': 332, 'count_clock': 3658144832, '#name': 'counter_state', '#sent_time': 52807.200695098, '#receive_time': 52807.207375043}
mcu 'mcu': got {'oid': 17, 'next_clock': 1030576000, 'values': b'\xb1y', '#name': 'analog_in_state', '#sent_time': 52807.211766765, '#receive_time': 52807.252688117}
mcu 'mcu': got {'oid': 19, 'next_clock': 1040976000, 'values': b'\xf5x', '#name': 'analog_in_state', '#sent_time': 52807.265298135004, '#receive_time': 52807.272710339}
mcu 'mcu': got {'oid': 17, 'next_clock': 1186576000, 'values': b'\xb2y', '#name': 'analog_in_state', '#sent_time': 52807.53300095, '#receive_time': 52807.552699987}
mcu 'mcu': got {'oid': 19, 'next_clock': 1196976000, 'values': b'\xefx', '#name': 'analog_in_state', '#sent_time': 52807.53300095, '#receive_time': 52807.572733598}
Loaded MCU 'mcu' 139 commands (v0.13.0-689-g2fb3d54e / gcc: (15:14.2.rel1-1) 14.2.1 20241119 binutils: (2.44-3+23+b2) 2.44)
MCU 'mcu' config: ADC_MAX=4095 BUS_PINS_i2c1_PB6_PB7=PB6,PB7 BUS_PINS_i2c1_PB8_PB9=PB8,PB9 BUS_PINS_i2c2_PB10_PB11=PB10,PB11 BUS_PINS_i2c3_PA8_PC9=PA8,PC9 BUS_PINS_spi1=PA6,PA7,PA5 BUS_PINS_spi1a=PB4,PB5,PB3 BUS_PINS_spi2=PB14,PB15,PB13 BUS_PINS_spi2a=PC2,PC3,PB10 BUS_PINS_spi2b=PI2,PI3,PI1 BUS_PINS_spi3a=PC11,PC12,PC10 BUS_PINS_spi4=PE13,PE14,PE12 BUS_PINS_spi5=PF8,PF9,PF7 BUS_PINS_spi5a=PH7,PF11,PH6 BUS_PINS_spi6=PG12,PG14,PG13 CLOCK_FREQ=520000000 MCU=stm32h723xx PWM_MAX=32768 RECEIVE_WINDOW=192 RESERVE_PINS_crystal=PH0,PH1 RESERVE_PINS_serial=PA10,PA9 SERIAL_BAUD=250000 STATS_SUMSQ_BASE=256 STEPPER_STEP_BOTH_EDGE=1
mcu 'EBBusb': Starting serial connect
mcu 'mcu': got {'oid': 17, 'next_clock': 1342576000, 'values': b'\xafy', '#name': 'analog_in_state', '#sent_time': 52807.650841505005, '#receive_time': 52807.852710857}
mcu 'mcu': got {'oid': 19, 'next_clock': 1352976000, 'values': b'\xf5x', '#name': 'analog_in_state', '#sent_time': 52807.650841505005, '#receive_time': 52807.872733505}
mcu 'EBBusb': got {'oid': 11, 'next_clock': 3484712876, 'values': b'Py', '#name': 'analog_in_state', '#sent_time': 52808.036317486, '#receive_time': 52808.085361986}
mcu 'mcu': got {'oid': 17, 'next_clock': 1498576000, 'values': b'\xb3y', '#name': 'analog_in_state', '#sent_time': 52807.650841505005, '#receive_time': 52808.152713097}
mcu 'mcu': got {'oid': 19, 'next_clock': 1508976000, 'values': b'\xf3x', '#name': 'analog_in_state', '#sent_time': 52807.650841505005, '#receive_time': 52808.172773709004}
mcu 'mcu': got {'oid': 6, 'next_clock': 1375336000, 'count': 332, 'count_clock': 3658144832, '#name': 'counter_state', '#sent_time': 52807.650841505005, '#receive_time': 52808.207637672}
Loaded MCU 'EBBusb' 139 commands (v0.13.0-699-gc707dd19 / gcc: (15:14.2.rel1-1) 14.2.1 20241119 binutils: (2.44-3+23+b2) 2.44)
MCU 'EBBusb' config: ADC_MAX=4095 BUS_PINS_i2c1_PA9_PA10=PA9,PA10 BUS_PINS_i2c1_PB6_PB7=PB6,PB7 BUS_PINS_i2c1_PB8_PB9=PB8,PB9 BUS_PINS_i2c2_PA7_PA6=PA7,PA6 BUS_PINS_i2c2_PB10_PB11=PB10,PB11 BUS_PINS_i2c2_PB13_PB14=PB13,PB14 BUS_PINS_i2c3_PA7_PA6=PA7,PA6 BUS_PINS_i2c3_PB3_PB4=PB3,PB4 BUS_PINS_i2c3_PC0_PC1=PC0,PC1 BUS_PINS_spi1=PA6,PA7,PA5 BUS_PINS_spi1_PA6_PA7_PA5=PA6,PA7,PA5 BUS_PINS_spi1_PB4_PB5_PB3=PB4,PB5,PB3 BUS_PINS_spi1a=PB4,PB5,PB3 BUS_PINS_spi2=PB14,PB15,PB13 BUS_PINS_spi2_PB14_PB15_PB13=PB14,PB15,PB13 BUS_PINS_spi2_PB2_PB11_PB10=PB2,PB11,PB10 BUS_PINS_spi2_PB6_PB7_PB8=PB6,PB7,PB8 BUS_PINS_spi2_PC2_PC3_PB10=PC2,PC3,PB10 BUS_PINS_spi2a=PC2,PC3,PB10 BUS_PINS_spi3=PB4,PB5,PB3 BUS_PINS_spi3_PB4_PB5_PB3=PB4,PB5,PB3 BUS_PINS_spi3_PC11_PC12_PC10=PC11,PC12,PC10 CLOCK_FREQ=64000000 MCU=stm32g0b1xx PWM_MAX=32768 RESERVE_PINS_USB=PA11,PA12 RESERVE_PINS_crystal=PF0,PF1 STATS_SUMSQ_BASE=256 STEPPER_OPTIMIZED_EDGE=8 STEPPER_STEP_BOTH_EDGE=1
mcu 'eddy': Starting serial connect
mcu 'EBBusb': got {'oid': 11, 'next_clock': 3503912876, 'values': b'Ny', '#name': 'analog_in_state', '#sent_time': 52808.296190394, '#receive_time': 52808.385377264}
mcu 'mcu': got {'oid': 17, 'next_clock': 1654576000, 'values': b'\xb1y', '#name': 'analog_in_state', '#sent_time': 52807.650841505005, '#receive_time': 52808.452765394}
mcu 'mcu': got {'oid': 19, 'next_clock': 1664976000, 'values': b'\xf2x', '#name': 'analog_in_state', '#sent_time': 52807.650841505005, '#receive_time': 52808.472820023}
mcu 'eddy': got {'oid': 5, 'next_clock': 1874636753, 'values': b'\x0c\x1a', '#name': 'analog_in_state', '#sent_time': 52808.575256653, '#receive_time': 52808.611482301}
mcu 'eddy': got {'oid': 6, 'next_clock': 1874756753, 'values': b'\x92t', '#name': 'analog_in_state', '#sent_time': 52808.575256653, '#receive_time': 52808.621472542}
mcu 'EBBusb': got {'oid': 11, 'next_clock': 3523112876, 'values': b'Qy', '#name': 'analog_in_state', '#sent_time': 52808.296190394, '#receive_time': 52808.685354727}
mcu 'mcu': got {'oid': 17, 'next_clock': 1810576000, 'values': b'\xb0y', '#name': 'analog_in_state', '#sent_time': 52808.635661356, '#receive_time': 52808.752767227}
mcu 'mcu': got {'oid': 19, 'next_clock': 1820976000, 'values': b'\xf0x', '#name': 'analog_in_state', '#sent_time': 52808.635661356, '#receive_time': 52808.772823042}
mcu 'eddy': got {'oid': 5, 'next_clock': 1878236753, 'values': b'\x0e\x1a', '#name': 'analog_in_state', '#sent_time': 52808.879913393, '#receive_time': 52808.911532449}
mcu 'eddy': got {'oid': 6, 'next_clock': 1878356753, 'values': b'\xa6t', '#name': 'analog_in_state', '#sent_time': 52808.879913393, '#receive_time': 52808.921461486}
Loaded MCU 'eddy' 135 commands (v0.13.0-562-g7a447264 / gcc: (15:12.2.rel1-1) 12.2.1 20221205 binutils: (2.40-2+18+b1) 2.40)
MCU 'eddy' config: ADC_MAX=4095 BUS_PINS_i2c0a=gpio0,gpio1 BUS_PINS_i2c0b=gpio4,gpio5 BUS_PINS_i2c0c=gpio8,gpio9 BUS_PINS_i2c0d=gpio12,gpio13 BUS_PINS_i2c0e=gpio16,gpio17 BUS_PINS_i2c0f=gpio20,gpio21 BUS_PINS_i2c0g=gpio24,gpio25 BUS_PINS_i2c0h=gpio28,gpio29 BUS_PINS_i2c1a=gpio2,gpio3 BUS_PINS_i2c1b=gpio6,gpio7 BUS_PINS_i2c1c=gpio10,gpio11 BUS_PINS_i2c1d=gpio14,gpio15 BUS_PINS_i2c1e=gpio18,gpio19 BUS_PINS_i2c1f=gpio22,gpio23 BUS_PINS_i2c1g=gpio26,gpio27 BUS_PINS_spi0_gpio0_gpio3_gpio2=gpio0,gpio3,gpio2 BUS_PINS_spi0_gpio16_gpio19_gpio18=gpio16,gpio19,gpio18 BUS_PINS_spi0_gpio20_gpio23_gpio22=gpio20,gpio23,gpio22 BUS_PINS_spi0_gpio4_gpio3_gpio2=gpio4,gpio3,gpio2 BUS_PINS_spi0_gpio4_gpio7_gpio6=gpio4,gpio7,gpio6 BUS_PINS_spi0a=gpio0,gpio3,gpio2 BUS_PINS_spi0b=gpio4,gpio7,gpio6 BUS_PINS_spi0c=gpio16,gpio19,gpio18 BUS_PINS_spi0d=gpio20,gpio23,gpio22 BUS_PINS_spi1_gpio12_gpio11_gpio10=gpio12,gpio11,gpio10 BUS_PINS_spi1_gpio12_gpio15_gpio14=gpio12,gpio15,gpio14 BUS_PINS_spi1_gpio24_gpio27_gpio26=gpio24,gpio27,gpio26 BUS_PINS_spi1_gpio8_gpio11_gpio10=gpio8,gpio11,gpio10 BUS_PINS_spi1a=gpio8,gpio11,gpio10 BUS_PINS_spi1b=gpio12,gpio15,gpio14 BUS_PINS_spi1c=gpio24,gpio27,gpio26 CLOCK_FREQ=12000000 MCU=rp2040 PWM_MAX=255 STATS_SUMSQ_BASE=256 STEPPER_OPTIMIZED_EDGE=2 STEPPER_STEP_BOTH_EDGE=1
mcu_temperature 'eddy' nominal base=437.226612 slope=-1917.489831
Configured MCU 'mcu' (1024 moves)
Configured MCU 'EBBusb' (1024 moves)
Configured MCU 'eddy' (1024 moves)
Selected tmc5160 for stepper_x
Selected tmc5160 for stepper_y
Selected tmc2209 for stepper_z
Starting heater checks for heater_bed
Starting heater checks for chamber_heater
bme280: Found Chip BME280 at 0x76
bed_mesh: generated points
Index |  Tool Adjusted  |   Probe
  0   | (15.0, 3.6)     | (15.0, 25.0)
  1   | (42.5, 3.6)     | (42.5, 25.0)
  2   | (70.0, 3.6)     | (70.0, 25.0)
  3   | (97.5, 3.6)     | (97.5, 25.0)
  4   | (125.0, 3.6)    | (125.0, 25.0)
  5   | (152.5, 3.6)    | (152.5, 25.0)
  6   | (180.0, 3.6)    | (180.0, 25.0)
  7   | (207.5, 3.6)    | (207.5, 25.0)
  8   | (235.0, 3.6)    | (235.0, 25.0)
  9   | (235.0, 29.8)   | (235.0, 51.2)
  10  | (207.5, 29.8)   | (207.5, 51.2)
  11  | (180.0, 29.8)   | (180.0, 51.2)
  12  | (152.5, 29.8)   | (152.5, 51.2)
  13  | (125.0, 29.8)   | (125.0, 51.2)
  14  | (97.5, 29.8)    | (97.5, 51.2)
  15  | (70.0, 29.8)    | (70.0, 51.2)
  16  | (42.5, 29.8)    | (42.5, 51.2)
  17  | (15.0, 29.8)    | (15.0, 51.2)
  18  | (15.0, 56.1)    | (15.0, 77.5)
  19  | (42.5, 56.1)    | (42.5, 77.5)
  20  | (70.0, 56.1)    | (70.0, 77.5)
  21  | (97.5, 56.1)    | (97.5, 77.5)
  22  | (125.0, 56.1)   | (125.0, 77.5)
  23  | (152.5, 56.1)   | (152.5, 77.5)
  24  | (180.0, 56.1)   | (180.0, 77.5)
  25  | (207.5, 56.1)   | (207.5, 77.5)
  26  | (235.0, 56.1)   | (235.0, 77.5)
  27  | (235.0, 82.3)   | (235.0, 103.8)
  28  | (207.5, 82.3)   | (207.5, 103.8)
  29  | (180.0, 82.3)   | (180.0, 103.8)
  30  | (152.5, 82.3)   | (152.5, 103.8)
  31  | (125.0, 82.3)   | (125.0, 103.8)
  32  | (97.5, 82.3)    | (97.5, 103.8)
  33  | (70.0, 82.3)    | (70.0, 103.8)
  34  | (42.5, 82.3)    | (42.5, 103.8)
  35  | (15.0, 82.3)    | (15.0, 103.8)
  36  | (15.0, 108.6)   | (15.0, 130.0)
  37  | (42.5, 108.6)   | (42.5, 130.0)
  38  | (70.0, 108.6)   | (70.0, 130.0)
  39  | (97.5, 108.6)   | (97.5, 130.0)
  40  | (125.0, 108.6)  | (125.0, 130.0)
  41  | (152.5, 108.6)  | (152.5, 130.0)
  42  | (180.0, 108.6)  | (180.0, 130.0)
  43  | (207.5, 108.6)  | (207.5, 130.0)
  44  | (235.0, 108.6)  | (235.0, 130.0)
  45  | (235.0, 134.8)  | (235.0, 156.2)
  46  | (207.5, 134.8)  | (207.5, 156.2)
  47  | (180.0, 134.8)  | (180.0, 156.2)
  48  | (152.5, 134.8)  | (152.5, 156.2)
  49  | (125.0, 134.8)  | (125.0, 156.2)
...points 50 through 80 truncated
bed_mesh: zero_reference_position is (120.00, 120.00)
Starting heater checks for extruder
Send ENABLE to bdsensor:fila_width_0
cmd:ENABLE
bdwidth sensor status:all
Stats 52811.5: gcodein=0 mcu: mcu_awake=0.005 mcu_task_avg=0.000019 mcu_task_stddev=0.000037 bytes_write=3607 bytes_read=8452 bytes_retransmit=9 bytes_invalid=0 send_seq=273 receive_seq=273 retransmit_seq=2 srtt=0.003 rttvar=0.000 rto=0.025 ready_bytes=0 upcoming_bytes=0 freq=519990104 EBBusb: mcu_awake=0.000 mcu_task_avg=0.000000 mcu_task_stddev=0.000000 bytes_write=1595 bytes_read=6245 bytes_retransmit=9 bytes_invalid=0 send_seq=160 receive_seq=160 retransmit_seq=2 srtt=0.001 rttvar=0.001 rto=0.025 ready_bytes=0 upcoming_bytes=0 freq=63999235 adj=64002497 eddy: mcu_awake=0.000 mcu_task_avg=0.000000 mcu_task_stddev=0.000000 bytes_write=1020 bytes_read=5554 bytes_retransmit=9 bytes_invalid=0 send_seq=127 receive_seq=127 retransmit_seq=2 srtt=0.000 rttvar=0.000 rto=0.025 ready_bytes=0 upcoming_bytes=0 freq=12000327 adj=12000405 btt_eddy_mcu: temp=46.7 temperature_probe btt_eddy: temp=43.0 heater_bed: target=0 temp=27.2 pwm=0.000 chamber_heater: target=0 temp=29.6 pwm=0.000 toolhead_air: temp=30.0 print_time=2070.926 buffer_time=0.084 print_stall=0 extruder: target=0 temp=28.3 pwm=0.000 sysload=0.22 cputime=189.290 memavail=3077216
webhooks: registering remote method 'shutdown_machine' for connection id: 547297871344
webhooks: registering remote method 'reboot_machine' for connection id: 547297871344
webhooks: registering remote method 'pause_job_queue' for connection id: 547297871344
webhooks: registering remote method 'start_job_queue' for connection id: 547297871344
webhooks: registering remote method 'flash_mcu' for connection id: 547297871344
Stats 52812.5: gcodein=0 mcu: mcu_awake=0.005 mcu_task_avg=0.000019 mcu_task_stddev=0.000037 bytes_write=3628 bytes_read=8583 bytes_retransmit=9 bytes_invalid=0 send_seq=275 receive_seq=275 retransmit_seq=2 srtt=0.003 rttvar=0.000 rto=0.025 ready_bytes=0 upcoming_bytes=0 freq=519990563 EBBusb: mcu_awake=0.021 mcu_task_avg=0.000032 mcu_task_stddev=0.000154 bytes_write=1611 bytes_read=6359 bytes_retransmit=9 bytes_invalid=0 send_seq=162 receive_seq=162 retransmit_seq=2 srtt=0.001 rttvar=0.001 rto=0.025 ready_bytes=0 upcoming_bytes=0 freq=63999419 adj=64001729 eddy: mcu_awake=0.000 mcu_task_avg=0.000000 mcu_task_stddev=0.000000 bytes_write=1026 bytes_read=5690 bytes_retransmit=9 bytes_invalid=0 send_seq=128 receive_seq=128 retransmit_seq=2 srtt=0.000 rttvar=0.000 rto=0.025 ready_bytes=0 upcoming_bytes=0 freq=12000390 adj=12000236 btt_eddy_mcu: temp=46.8 temperature_probe btt_eddy: temp=43.0 heater_bed: target=0 temp=27.2 pwm=0.000 chamber_heater: target=0 temp=29.5 pwm=0.000 toolhead_air: temp=30.0 print_time=2070.926 buffer_time=0.000 print_stall=0 extruder: target=0 temp=28.3 pwm=0.000 sysload=0.22 cputime=189.318 memavail=3079364
Stats 52813.5: gcodein=0 mcu: mcu_awake=0.005 mcu_task_avg=0.000019 mcu_task_stddev=0.000037 bytes_write=3634 bytes_read=8737 bytes_retransmit=9 bytes_invalid=0 send_seq=276 receive_seq=276 retransmit_seq=2 srtt=0.003 rttvar=0.000 rto=0.025 ready_bytes=0 upcoming_bytes=0 freq=519990453 EBBusb: mcu_awake=0.021 mcu_task_avg=0.000032 mcu_task_stddev=0.000154 bytes_write=1637 bytes_read=6464 bytes_retransmit=9 bytes_invalid=0 send_seq=165 receive_seq=165 retransmit_seq=2 srtt=0.001 rttvar=0.001 rto=0.025 ready_bytes=0 upcoming_bytes=0 freq=63999523 adj=64001746 eddy: mcu_awake=0.002 mcu_task_avg=0.000005 mcu_task_stddev=0.000006 bytes_write=1032 bytes_read=5810 bytes_retransmit=9 bytes_invalid=0 send_seq=129 receive_seq=129 retransmit_seq=2 srtt=0.000 rttvar=0.000 rto=0.025 ready_bytes=0 upcoming_bytes=0 freq=12000338 adj=12000397 btt_eddy_mcu: temp=46.8 temperature_probe btt_eddy: temp=43.0 heater_bed: target=0 temp=27.2 pwm=0.000 chamber_heater: target=0 temp=29.5 pwm=0.000 toolhead_air: temp=30.0 print_time=2070.926 buffer_time=0.000 print_stall=0 extruder: target=0 temp=28.2 pwm=0.000 sysload=0.29 cputime=189.338 memavail=3080880
Stats 52814.5: gcodein=0 mcu: mcu_awake=0.001 mcu_task_avg=0.000003 mcu_task_stddev=0.000006 bytes_write=3640 bytes_read=8875 bytes_retransmit=9 bytes_invalid=0 send_seq=277 receive_seq=277 retransmit_seq=2 srtt=0.003 rttvar=0.000 rto=0.025 ready_bytes=0 upcoming_bytes=0 freq=519992322 EBBusb: mcu_awake=0.021 mcu_task_avg=0.000032 mcu_task_stddev=0.000154 bytes_write=1653 bytes_read=6547 bytes_retransmit=9 bytes_invalid=0 send_seq=167 receive_seq=167 retransmit_seq=2 srtt=0.001 rttvar=0.001 rto=0.025 ready_bytes=0 upcoming_bytes=0 freq=63999583 adj=64001733 eddy: mcu_awake=0.002 mcu_task_avg=0.000005 mcu_task_stddev=0.000006 bytes_write=1038 bytes_read=5916 bytes_retransmit=9 bytes_invalid=0 send_seq=130 receive_seq=130 retransmit_seq=2 srtt=0.000 rttvar=0.000 rto=0.025 ready_bytes=0 upcoming_bytes=0 freq=12000354 adj=12000341 btt_eddy_mcu: temp=46.8 temperature_probe btt_eddy: temp=43.0 heater_bed: target=0 temp=27.2 pwm=0.000 chamber_heater: target=0 temp=29.6 pwm=0.000 toolhead_air: temp=30.0 print_time=2070.926 buffer_time=0.000 print_stall=0 extruder: target=0 temp=28.3 pwm=0.000 sysload=0.29 cputime=189.350 memavail=3085692
Stats 52815.5: gcodein=0 mcu: mcu_awake=0.001 mcu_task_avg=0.000003 mcu_task_stddev=0.000006 bytes_write=3646 bytes_read=9001 bytes_retransmit=9 bytes_invalid=0 send_seq=278 receive_seq=278 retransmit_seq=2 srtt=0.003 rttvar=0.000 rto=0.025 ready_bytes=0 upcoming_bytes=0 freq=519992276 EBBusb: mcu_awake=0.021 mcu_task_avg=0.000032 mcu_task_stddev=0.000154 bytes_write=1669 bytes_read=6645 bytes_retransmit=9 bytes_invalid=0 send_seq=169 receive_seq=169 retransmit_seq=2 srtt=0.001 rttvar=0.001 rto=0.025 ready_bytes=0 upcoming_bytes=0 freq=63999647 adj=64001007 eddy: mcu_awake=0.002 mcu_task_avg=0.000005 mcu_task_stddev=0.000006 bytes_write=1044 bytes_read=6052 bytes_retransmit=9 bytes_invalid=0 send_seq=131 receive_seq=131 retransmit_seq=2 srtt=0.000 rttvar=0.000 rto=0.025 ready_bytes=0 upcoming_bytes=0 freq=12000347 adj=12000316 btt_eddy_mcu: temp=46.8 temperature_probe btt_eddy: temp=43.0 heater_bed: target=0 temp=27.2 pwm=0.000 chamber_heater: target=0 temp=29.5 pwm=0.000 toolhead_air: temp=30.0 print_time=2070.926 buffer_time=0.000 print_stall=0 extruder: target=0 temp=28.3 pwm=0.000 sysload=0.29 cputime=189.369 memavail=3077996
Stats 52816.5: gcodein=0 mcu: mcu_awake=0.001 mcu_task_avg=0.000003 mcu_task_stddev=0.000006 bytes_write=3658 bytes_read=9173 bytes_retransmit=9 bytes_invalid=0 send_seq=280 receive_seq=280 retransmit_seq=2 srtt=0.003 rttvar=0.000 rto=0.025 ready_bytes=0 upcoming_bytes=0 freq=519991887 EBBusb: mcu_awake=0.021 mcu_task_avg=0.000032 mcu_task_stddev=0.000154 bytes_write=1685 bytes_read=6728 bytes_retransmit=9 bytes_invalid=0 send_seq=171 receive_seq=171 retransmit_seq=2 srtt=0.001 rttvar=0.001 rto=0.025 ready_bytes=0 upcoming_bytes=0 freq=63999650 adj=64001083 eddy: mcu_awake=0.002 mcu_task_avg=0.000005 mcu_task_stddev=0.000006 bytes_write=1050 bytes_read=6158 bytes_retransmit=9 bytes_invalid=0 send_seq=132 receive_seq=132 retransmit_seq=2 srtt=0.000 rttvar=0.000 rto=0.025 ready_bytes=0 upcoming_bytes=0 freq=12000364 adj=12000355 btt_eddy_mcu: temp=46.8 temperature_probe btt_eddy: temp=43.0 heater_bed: target=0 temp=27.2 pwm=0.000 chamber_heater: target=0 temp=29.5 pwm=0.000 toolhead_air: temp=30.0 print_time=2070.926 buffer_time=0.000 print_stall=0 extruder: target=0 temp=28.3 pwm=0.000 sysload=0.29 cputime=189.382 memavail=3077320
Stats 52817.5: gcodein=0 mcu: mcu_awake=0.001 mcu_task_avg=0.000003 mcu_task_stddev=0.000006 bytes_write=3664 bytes_read=9299 bytes_retransmit=9 bytes_invalid=0 send_seq=281 receive_seq=281 retransmit_seq=2 srtt=0.003 rttvar=0.000 rto=0.025 ready_bytes=0 upcoming_bytes=0 freq=519991760 EBBusb: mcu_awake=0.009 mcu_task_avg=0.000065 mcu_task_stddev=0.000239 bytes_write=1711 bytes_read=6848 bytes_retransmit=9 bytes_invalid=0 send_seq=174 receive_seq=174 retransmit_seq=2 srtt=0.001 rttvar=0.001 rto=0.025 ready_bytes=0 upcoming_bytes=0 freq=63999676 adj=64001124 eddy: mcu_awake=0.002 mcu_task_avg=0.000005 mcu_task_stddev=0.000006 bytes_write=1056 bytes_read=6264 bytes_retransmit=9 bytes_invalid=0 send_seq=133 receive_seq=133 retransmit_seq=2 srtt=0.000 rttvar=0.000 rto=0.025 ready_bytes=0 upcoming_bytes=0 freq=12000350 adj=12000475 btt_eddy_mcu: temp=46.8 temperature_probe btt_eddy: temp=43.0 heater_bed: target=0 temp=27.2 pwm=0.000 chamber_heater: target=0 temp=29.6 pwm=0.000 toolhead_air: temp=30.0 print_time=2070.926 buffer_time=0.000 print_stall=0 extruder: target=0 temp=28.3 pwm=0.000 sysload=0.29 cputime=189.395 memavail=3079096
Stats 52818.5: gcodein=0 mcu: mcu_awake=0.001 mcu_task_avg=0.000003 mcu_task_stddev=0.000006 bytes_write=3670 bytes_read=9425 bytes_retransmit=9 bytes_invalid=0 send_seq=282 receive_seq=282 retransmit_seq=2 srtt=0.003 rttvar=0.000 rto=0.025 ready_bytes=0 upcoming_bytes=0 freq=519991807 EBBusb: mcu_awake=0.009 mcu_task_avg=0.000065 mcu_task_stddev=0.000239 bytes_write=1727 bytes_read=6946 bytes_retransmit=9 bytes_invalid=0 send_seq=176 receive_seq=176 retransmit_seq=2 srtt=0.001 rttvar=0.001 rto=0.025 ready_bytes=0 upcoming_bytes=0 freq=63999681 adj=64001145 eddy: mcu_awake=0.000 mcu_task_avg=0.000003 mcu_task_stddev=0.000003 bytes_write=1062 bytes_read=6412 bytes_retransmit=9 bytes_invalid=0 send_seq=134 receive_seq=134 retransmit_seq=2 srtt=0.000 rttvar=0.000 rto=0.025 ready_bytes=0 upcoming_bytes=0 freq=12000341 adj=12000461 btt_eddy_mcu: temp=46.7 temperature_probe btt_eddy: temp=42.9 heater_bed: target=0 temp=27.2 pwm=0.000 chamber_heater: target=0 temp=29.6 pwm=0.000 toolhead_air: temp=30.0 print_time=2070.926 buffer_time=0.000 print_stall=0 extruder: target=0 temp=28.3 pwm=0.000 sysload=0.26 cputime=189.407 memavail=3084964
Stats 52819.5: gcodein=0 mcu: mcu_awake=0.000 mcu_task_avg=0.000001 mcu_task_stddev=0.000001 bytes_write=3676 bytes_read=9594 bytes_retransmit=9 bytes_invalid=0 send_seq=283 receive_seq=283 retransmit_seq=2 srtt=0.003 rttvar=0.000 rto=0.025 ready_bytes=0 upcoming_bytes=0 freq=519991635 EBBusb: mcu_awake=0.009 mcu_task_avg=0.000065 mcu_task_stddev=0.000239 bytes_write=1743 bytes_read=7029 bytes_retransmit=9 bytes_invalid=0 send_seq=178 receive_seq=178 retransmit_seq=2 srtt=0.001 rttvar=0.001 rto=0.025 ready_bytes=0 upcoming_bytes=0 freq=63999682 adj=64001025 eddy: mcu_awake=0.000 mcu_task_avg=0.000003 mcu_task_stddev=0.000003 bytes_write=1068 bytes_read=6518 bytes_retransmit=9 bytes_invalid=0 send_seq=135 receive_seq=135 retransmit_seq=2 srtt=0.000 rttvar=0.000 rto=0.025 ready_bytes=0 upcoming_bytes=0 freq=12000337 adj=12000445 btt_eddy_mcu: temp=46.8 temperature_probe btt_eddy: temp=43.0 heater_bed: target=0 temp=27.2 pwm=0.000 chamber_heater: target=0 temp=29.5 pwm=0.000 toolhead_air: temp=30.0 print_time=2070.926 buffer_time=0.000 print_stall=0 extruder: target=0 temp=28.3 pwm=0.000 sysload=0.26 cputime=189.418 memavail=3086480
Stats 52820.5: gcodein=0 mcu: mcu_awake=0.000 mcu_task_avg=0.000001 mcu_task_stddev=0.000001 bytes_write=3682 bytes_read=9720 bytes_retransmit=9 bytes_invalid=0 send_seq=284 receive_seq=284 retransmit_seq=2 srtt=0.003 rttvar=0.000 rto=0.025 ready_bytes=0 upcoming_bytes=0 freq=519991649 EBBusb: mcu_awake=0.009 mcu_task_avg=0.000065 mcu_task_stddev=0.000239 bytes_write=1759 bytes_read=7109 bytes_retransmit=9 bytes_invalid=0 send_seq=180 receive_seq=180 retransmit_seq=2 srtt=0.001 rttvar=0.001 rto=0.025 ready_bytes=0 upcoming_bytes=0 freq=63999694 adj=64001103 eddy: mcu_awake=0.000 mcu_task_avg=0.000003 mcu_task_stddev=0.000003 bytes_write=1074 bytes_read=6624 bytes_retransmit=9 bytes_invalid=0 send_seq=136 receive_seq=136 retransmit_seq=2 srtt=0.000 rttvar=0.000 rto=0.025 ready_bytes=0 upcoming_bytes=0 freq=12000329 adj=12000470 btt_eddy_mcu: temp=46.7 temperature_probe btt_eddy: temp=43.0 heater_bed: target=0 temp=27.2 pwm=0.000 chamber_heater: target=0 temp=29.5 pwm=0.000 toolhead_air: temp=30.0 print_time=2070.926 buffer_time=0.000 print_stall=0 extruder: target=0 temp=28.3 pwm=0.000 sysload=0.26 cputime=189.432 memavail=3085748
Stats 52821.5: gcodein=0 mcu: mcu_awake=0.000 mcu_task_avg=0.000001 mcu_task_stddev=0.000001 bytes_write=3688 bytes_read=9846 bytes_retransmit=9 bytes_invalid=0 send_seq=285 receive_seq=285 retransmit_seq=2 srtt=0.003 rttvar=0.000 rto=0.025 ready_bytes=0 upcoming_bytes=0 freq=519991748 EBBusb: mcu_awake=0.009 mcu_task_avg=0.000065 mcu_task_stddev=0.000239 bytes_write=1785 bytes_read=7224 bytes_retransmit=9 bytes_invalid=0 send_seq=183 receive_seq=183 retransmit_seq=2 srtt=0.001 rttvar=0.001 rto=0.025 ready_bytes=0 upcoming_bytes=0 freq=63999702 adj=64001045 eddy: mcu_awake=0.000 mcu_task_avg=0.000003 mcu_task_stddev=0.000003 bytes_write=1080 bytes_read=6760 bytes_retransmit=9 bytes_invalid=0 send_seq=137 receive_seq=137 retransmit_seq=2 srtt=0.000 rttvar=0.000 rto=0.025 ready_bytes=0 upcoming_bytes=0 freq=12000326 adj=12000454 btt_eddy_mcu: temp=46.8 temperature_probe btt_eddy: temp=43.0 heater_bed: target=0 temp=27.2 pwm=0.000 chamber_heater: target=0 temp=29.6 pwm=0.000 toolhead_air: temp=30.0 print_time=2070.926 buffer_time=0.000 print_stall=0 extruder: target=0 temp=28.3 pwm=0.000 sysload=0.26 cputime=189.448 memavail=3079588
Stats 52822.5: gcodein=0 mcu: mcu_awake=0.000 mcu_task_avg=0.000001 mcu_task_stddev=0.000001 bytes_write=3694 bytes_read=9997 bytes_retransmit=9 bytes_invalid=0 send_seq=286 receive_seq=286 retransmit_seq=2 srtt=0.003 rttvar=0.000 rto=0.025 ready_bytes=0 upcoming_bytes=0 freq=519991670 EBBusb: mcu_awake=0.009 mcu_task_avg=0.000065 mcu_task_stddev=0.000239 bytes_write=1801 bytes_read=7303 bytes_retransmit=9 bytes_invalid=0 send_seq=185 receive_seq=185 retransmit_seq=2 srtt=0.001 rttvar=0.001 rto=0.025 ready_bytes=0 upcoming_bytes=0 freq=63999729 adj=64000947 eddy: mcu_awake=0.000 mcu_task_avg=0.000003 mcu_task_stddev=0.000003 bytes_write=1086 bytes_read=6866 bytes_retransmit=9 bytes_invalid=0 send_seq=138 receive_seq=138 retransmit_seq=2 srtt=0.000 rttvar=0.000 rto=0.025 ready_bytes=0 upcoming_bytes=0 freq=12000325 adj=12000447 btt_eddy_mcu: temp=46.7 temperature_probe btt_eddy: temp=43.0 heater_bed: target=0 temp=27.2 pwm=0.000 chamber_heater: target=0 temp=29.6 pwm=0.000 toolhead_air: temp=30.0 print_time=2070.926 buffer_time=0.000 print_stall=0 extruder: target=0 temp=28.3 pwm=0.000 sysload=0.26 cputime=189.460 memavail=3087444
Stats 52823.5: gcodein=0 mcu: mcu_awake=0.000 mcu_task_avg=0.000001 mcu_task_stddev=0.000001 bytes_write=3700 bytes_read=10123 bytes_retransmit=9 bytes_invalid=0 send_seq=287 receive_seq=287 retransmit_seq=2 srtt=0.003 rttvar=0.000 rto=0.025 ready_bytes=0 upcoming_bytes=0 freq=519991833 EBBusb: mcu_awake=0.008 mcu_task_avg=0.000057 mcu_task_stddev=0.000222 bytes_write=1817 bytes_read=7397 bytes_retransmit=9 bytes_invalid=0 send_seq=187 receive_seq=187 retransmit_seq=2 srtt=0.001 rttvar=0.001 rto=0.025 ready_bytes=0 upcoming_bytes=0 freq=63999770 adj=64001048 eddy: mcu_awake=0.000 mcu_task_avg=0.000003 mcu_task_stddev=0.000003 bytes_write=1092 bytes_read=6984 bytes_retransmit=9 bytes_invalid=0 send_seq=139 receive_seq=139 retransmit_seq=2 srtt=0.000 rttvar=0.000 rto=0.025 ready_bytes=0 upcoming_bytes=0 freq=12000321 adj=12000467 btt_eddy_mcu: temp=46.7 temperature_probe btt_eddy: temp=43.0 heater_bed: target=0 temp=27.2 pwm=0.000 chamber_heater: target=0 temp=29.5 pwm=0.000 toolhead_air: temp=30.0 print_time=2070.926 buffer_time=0.000 print_stall=0 extruder: target=0 temp=28.3 pwm=0.000 sysload=0.24 cputime=189.472 memavail=3093432
Stats 52824.5: gcodein=0 mcu: mcu_awake=0.000 mcu_task_avg=0.000001 mcu_task_stddev=0.000001 bytes_write=3706 bytes_read=10262 bytes_retransmit=9 bytes_invalid=0 send_seq=288 receive_seq=288 retransmit_seq=2 srtt=0.003 rttvar=0.000 rto=0.025 ready_bytes=0 upcoming_bytes=0 freq=519991846 EBBusb: mcu_awake=0.008 mcu_task_avg=0.000057 mcu_task_stddev=0.000222 bytes_write=1833 bytes_read=7493 bytes_retransmit=9 bytes_invalid=0 send_seq=189 receive_seq=189 retransmit_seq=2 srtt=0.001 rttvar=0.001 rto=0.025 ready_bytes=0 upcoming_bytes=0 freq=63999766 adj=64001069 eddy: mcu_awake=0.000 mcu_task_avg=0.000003 mcu_task_stddev=0.000003 bytes_write=1098 bytes_read=7120 bytes_retransmit=9 bytes_invalid=0 send_seq=140 receive_seq=140 retransmit_seq=2 srtt=0.000 rttvar=0.000 rto=0.025 ready_bytes=0 upcoming_bytes=0 freq=12000319 adj=12000447 btt_eddy_mcu: temp=46.8 temperature_probe btt_eddy: temp=43.0 heater_bed: target=0 temp=27.2 pwm=0.000 chamber_heater: target=0 temp=29.5 pwm=0.000 toolhead_air: temp=30.0 print_time=2070.926 buffer_time=0.000 print_stall=0 extruder: target=0 temp=28.2 pwm=0.000 sysload=0.24 cputime=189.484 memavail=3096132
Stats 52825.5: gcodein=0 mcu: mcu_awake=0.000 mcu_task_avg=0.000001 mcu_task_stddev=0.000001 bytes_write=3712 bytes_read=10418 bytes_retransmit=9 bytes_invalid=0 send_seq=289 receive_seq=289 retransmit_seq=2 srtt=0.003 rttvar=0.000 rto=0.025 ready_bytes=0 upcoming_bytes=0 freq=519991743 EBBusb: mcu_awake=0.008 mcu_task_avg=0.000057 mcu_task_stddev=0.000222 bytes_write=1849 bytes_read=7576 bytes_retransmit=9 bytes_invalid=0 send_seq=191 receive_seq=191 retransmit_seq=2 srtt=0.001 rttvar=0.001 rto=0.025 ready_bytes=0 upcoming_bytes=0 freq=63999766 adj=64000970 eddy: mcu_awake=0.000 mcu_task_avg=0.000003 mcu_task_stddev=0.000003 bytes_write=1104 bytes_read=7226 bytes_retransmit=9 bytes_invalid=0 send_seq=141 receive_seq=141 retransmit_seq=2 srtt=0.000 rttvar=0.000 rto=0.025 ready_bytes=0 upcoming_bytes=0 freq=12000323 adj=12000452 btt_eddy_mcu: temp=46.7 temperature_probe btt_eddy: temp=43.0 heater_bed: target=0 temp=27.3 pwm=0.000 chamber_heater: target=0 temp=29.5 pwm=0.000 toolhead_air: temp=30.0 print_time=2070.926 buffer_time=0.000 print_stall=0 extruder: target=0 temp=28.3 pwm=0.000 sysload=0.24 cputime=189.496 memavail=3095812
Stats 52826.5: gcodein=0 mcu: mcu_awake=0.000 mcu_task_avg=0.000001 mcu_task_stddev=0.000001 bytes_write=3718 bytes_read=10544 bytes_retransmit=9 bytes_invalid=0 send_seq=290 receive_seq=290 retransmit_seq=2 srtt=0.003 rttvar=0.000 rto=0.025 ready_bytes=0 upcoming_bytes=0 freq=519991681 EBBusb: mcu_awake=0.008 mcu_task_avg=0.000057 mcu_task_stddev=0.000222 bytes_write=1875 bytes_read=7681 bytes_retransmit=9 bytes_invalid=0 send_seq=194 receive_seq=194 retransmit_seq=2 srtt=0.001 rttvar=0.001 rto=0.025 ready_bytes=0 upcoming_bytes=0 freq=63999769 adj=64000985 eddy: mcu_awake=0.000 mcu_task_avg=0.000003 mcu_task_stddev=0.000003 bytes_write=1110 bytes_read=7332 bytes_retransmit=9 bytes_invalid=0 send_seq=142 receive_seq=142 retransmit_seq=2 srtt=0.000 rttvar=0.000 rto=0.025 ready_bytes=0 upcoming_bytes=0 freq=12000325 adj=12000496 btt_eddy_mcu: temp=46.7 temperature_probe btt_eddy: temp=43.0 heater_bed: target=0 temp=27.3 pwm=0.000 chamber_heater: target=0 temp=29.5 pwm=0.000 toolhead_air: temp=30.0 print_time=2070.926 buffer_time=0.000 print_stall=0 extruder: target=0 temp=28.3 pwm=0.000 sysload=0.24 cputime=189.514 memavail=3083348
Stats 52827.5: gcodein=0 mcu: mcu_awake=0.000 mcu_task_avg=0.000001 mcu_task_stddev=0.000001 bytes_write=3724 bytes_read=10670 bytes_retransmit=9 bytes_invalid=0 send_seq=291 receive_seq=291 retransmit_seq=2 srtt=0.003 rttvar=0.000 rto=0.025 ready_bytes=0 upcoming_bytes=0 freq=519991671 EBBusb: mcu_awake=0.008 mcu_task_avg=0.000057 mcu_task_stddev=0.000222 bytes_write=1891 bytes_read=7779 bytes_retransmit=9 bytes_invalid=0 send_seq=196 receive_seq=196 retransmit_seq=2 srtt=0.001 rttvar=0.001 rto=0.025 ready_bytes=0 upcoming_bytes=0 freq=63999770 adj=64000990 eddy: mcu_awake=0.000 mcu_task_avg=0.000003 mcu_task_stddev=0.000003 bytes_write=1116 bytes_read=7468 bytes_retransmit=9 bytes_invalid=0 send_seq=143 receive_seq=143 retransmit_seq=2 srtt=0.000 rttvar=0.000 rto=0.025 ready_bytes=0 upcoming_bytes=0 freq=12000322 adj=12000517 btt_eddy_mcu: temp=46.8 temperature_probe btt_eddy: temp=43.0 heater_bed: target=0 temp=27.3 pwm=0.000 chamber_heater: target=0 temp=29.5 pwm=0.000 toolhead_air: temp=30.0 print_time=2070.926 buffer_time=0.000 print_stall=0 extruder: target=0 temp=28.3 pwm=0.000 sysload=0.24 cputime=189.527 memavail=3091376
Stats 52828.5: gcodein=0 mcu: mcu_awake=0.000 mcu_task_avg=0.000001 mcu_task_stddev=0.000001 bytes_write=3730 bytes_read=10826 bytes_retransmit=9 bytes_invalid=0 send_seq=292 receive_seq=292 retransmit_seq=2 srtt=0.003 rttvar=0.000 rto=0.025 ready_bytes=0 upcoming_bytes=0 freq=519991687 EBBusb: mcu_awake=0.008 mcu_task_avg=0.000057 mcu_task_stddev=0.000223 bytes_write=1907 bytes_read=7877 bytes_retransmit=9 bytes_invalid=0 send_seq=198 receive_seq=198 retransmit_seq=2 srtt=0.001 rttvar=0.001 rto=0.025 ready_bytes=0 upcoming_bytes=0 freq=63999764 adj=64000953 eddy: mcu_awake=0.000 mcu_task_avg=0.000003 mcu_task_stddev=0.000003 bytes_write=1122 bytes_read=7586 bytes_retransmit=9 bytes_invalid=0 send_seq=144 receive_seq=144 retransmit_seq=2 srtt=0.000 rttvar=0.000 rto=0.025 ready_bytes=0 upcoming_bytes=0 freq=12000321 adj=12000507 btt_eddy_mcu: temp=46.7 temperature_probe btt_eddy: temp=43.0 heater_bed: target=0 temp=27.3 pwm=0.000 chamber_heater: target=0 temp=29.5 pwm=0.000 toolhead_air: temp=30.0 print_time=2070.926 buffer_time=0.000 print_stall=0 extruder: target=0 temp=28.3 pwm=0.000 sysload=0.22 cputime=189.539 memavail=3090612
Stats 52829.5: gcodein=0 mcu: mcu_awake=0.000 mcu_task_avg=0.000001 mcu_task_stddev=0.000001 bytes_write=3736 bytes_read=10965 bytes_retransmit=9 bytes_invalid=0 send_seq=293 receive_seq=293 retransmit_seq=2 srtt=0.003 rttvar=0.000 rto=0.025 ready_bytes=0 upcoming_bytes=0 freq=519991695 EBBusb: mcu_awake=0.008 mcu_task_avg=0.000057 mcu_task_stddev=0.000223 bytes_write=1923 bytes_read=7960 bytes_retransmit=9 bytes_invalid=0 send_seq=200 receive_seq=200 retransmit_seq=2 srtt=0.001 rttvar=0.001 rto=0.025 ready_bytes=0 upcoming_bytes=0 freq=63999765 adj=64000869 eddy: mcu_awake=0.000 mcu_task_avg=0.000003 mcu_task_stddev=0.000003 bytes_write=1128 bytes_read=7692 bytes_retransmit=9 bytes_invalid=0 send_seq=145 receive_seq=145 retransmit_seq=2 srtt=0.000 rttvar=0.000 rto=0.025 ready_bytes=0 upcoming_bytes=0 freq=12000320 adj=12000497 btt_eddy_mcu: temp=46.7 temperature_probe btt_eddy: temp=43.0 heater_bed: target=0 temp=27.3 pwm=0.000 chamber_heater: target=0 temp=29.5 pwm=0.000 toolhead_air: temp=30.0 print_time=2070.926 buffer_time=0.000 print_stall=0 extruder: target=0 temp=28.3 pwm=0.000 sysload=0.22 cputime=189.551 memavail=3089024
Stats 52830.5: gcodein=0 mcu: mcu_awake=0.000 mcu_task_avg=0.000001 mcu_task_stddev=0.000001 bytes_write=3742 bytes_read=11086 bytes_retransmit=9 bytes_invalid=0 send_seq=294 receive_seq=294 retransmit_seq=2 srtt=0.003 rttvar=0.000 rto=0.025 ready_bytes=0 upcoming_bytes=0 freq=519991669 EBBusb: mcu_awake=0.008 mcu_task_avg=0.000057 mcu_task_stddev=0.000223 bytes_write=1949 bytes_read=8080 bytes_retransmit=9 bytes_invalid=0 send_seq=203 receive_seq=203 retransmit_seq=2 srtt=0.001 rttvar=0.001 rto=0.025 ready_bytes=0 upcoming_bytes=0 freq=63999770 adj=64000847 eddy: mcu_awake=0.000 mcu_task_avg=0.000003 mcu_task_stddev=0.000003 bytes_write=1134 bytes_read=7828 bytes_retransmit=9 bytes_invalid=0 send_seq=146 receive_seq=146 retransmit_seq=2 srtt=0.000 rttvar=0.000 rto=0.025 ready_bytes=0 upcoming_bytes=0 freq=12000320 adj=12000494 btt_eddy_mcu: temp=46.8 temperature_probe btt_eddy: temp=43.0 heater_bed: target=0 temp=27.3 pwm=0.000 chamber_heater: target=0 temp=29.5 pwm=0.000 toolhead_air: temp=30.0 print_time=2070.926 buffer_time=0.000 print_stall=0 extruder: target=0 temp=28.3 pwm=0.000 sysload=0.22 cputime=189.565 memavail=3088496
Stats 52831.5: gcodein=0 mcu: mcu_awake=0.000 mcu_task_avg=0.000001 mcu_task_stddev=0.000001 bytes_write=3748 bytes_read=11242 bytes_retransmit=9 bytes_invalid=0 send_seq=295 receive_seq=295 retransmit_seq=2 srtt=0.003 rttvar=0.000 rto=0.025 ready_bytes=0 upcoming_bytes=0 freq=519991775 EBBusb: mcu_awake=0.008 mcu_task_avg=0.000057 mcu_task_stddev=0.000223 bytes_write=1965 bytes_read=8163 bytes_retransmit=9 bytes_invalid=0 send_seq=205 receive_seq=205 retransmit_seq=2 srtt=0.001 rttvar=0.001 rto=0.025 ready_bytes=0 upcoming_bytes=0 freq=63999778 adj=64000880 eddy: mcu_awake=0.000 mcu_task_avg=0.000003 mcu_task_stddev=0.000003 bytes_write=1140 bytes_read=7934 bytes_retransmit=9 bytes_invalid=0 send_seq=147 receive_seq=147 retransmit_seq=2 srtt=0.000 rttvar=0.000 rto=0.025 ready_bytes=0 upcoming_bytes=0 freq=12000319 adj=12000504 btt_eddy_mcu: temp=46.7 temperature_probe btt_eddy: temp=43.0 heater_bed: target=0 temp=27.4 pwm=0.000 chamber_heater: target=0 temp=29.5 pwm=0.000 toolhead_air: temp=30.0 print_time=2070.926 buffer_time=0.000 print_stall=0 extruder: target=0 temp=28.4 pwm=0.000 sysload=0.22 cputime=189.579 memavail=3089104
Stats 52832.5: gcodein=0 mcu: mcu_awake=0.000 mcu_task_avg=0.000001 mcu_task_stddev=0.000001 bytes_write=3754 bytes_read=11368 bytes_retransmit=9 bytes_invalid=0 send_seq=296 receive_seq=296 retransmit_seq=2 srtt=0.003 rttvar=0.000 rto=0.025 ready_bytes=0 upcoming_bytes=0 freq=519991801 EBBusb: mcu_awake=0.008 mcu_task_avg=0.000057 mcu_task_stddev=0.000223 bytes_write=1981 bytes_read=8246 bytes_retransmit=9 bytes_invalid=0 send_seq=207 receive_seq=207 retransmit_seq=2 srtt=0.001 rttvar=0.001 rto=0.025 ready_bytes=0 upcoming_bytes=0 freq=63999780 adj=64000829 eddy: mcu_awake=0.000 mcu_task_avg=0.000003 mcu_task_stddev=0.000003 bytes_write=1146 bytes_read=8055 bytes_retransmit=9 bytes_invalid=0 send_seq=148 receive_seq=148 retransmit_seq=2 srtt=0.000 rttvar=0.000 rto=0.025 ready_bytes=0 upcoming_bytes=0 freq=12000323 adj=12000485 btt_eddy_mcu: temp=46.8 temperature_probe btt_eddy: temp=43.0 heater_bed: target=0 temp=27.4 pwm=0.000 chamber_heater: target=0 temp=29.5 pwm=0.000 toolhead_air: temp=30.0 print_time=2070.926 buffer_time=0.000 print_stall=0 extruder: target=0 temp=28.3 pwm=0.000 sysload=0.22 cputime=189.594 memavail=3090144
Stats 52833.5: gcodein=0 mcu: mcu_awake=0.000 mcu_task_avg=0.000001 mcu_task_stddev=0.000001 bytes_write=3760 bytes_read=11494 bytes_retransmit=9 bytes_invalid=0 send_seq=297 receive_seq=297 retransmit_seq=2 srtt=0.003 rttvar=0.001 rto=0.025 ready_bytes=0 upcoming_bytes=0 freq=519991842 EBBusb: mcu_awake=0.008 mcu_task_avg=0.000058 mcu_task_stddev=0.000225 bytes_write=1997 bytes_read=8359 bytes_retransmit=9 bytes_invalid=0 send_seq=209 receive_seq=209 retransmit_seq=2 srtt=0.001 rttvar=0.001 rto=0.025 ready_bytes=0 upcoming_bytes=0 freq=63999778 adj=64000811 eddy: mcu_awake=0.000 mcu_task_avg=0.000003 mcu_task_stddev=0.000003 bytes_write=1152 bytes_read=8188 bytes_retransmit=9 bytes_invalid=0 send_seq=149 receive_seq=149 retransmit_seq=2 srtt=0.000 rttvar=0.000 rto=0.025 ready_bytes=0 upcoming_bytes=0 freq=12000321 adj=12000509 btt_eddy_mcu: temp=46.8 temperature_probe btt_eddy: temp=43.0 heater_bed: target=0 temp=27.4 pwm=0.000 chamber_heater: target=0 temp=29.5 pwm=0.000 toolhead_air: temp=30.0 print_time=2070.926 buffer_time=0.000 print_stall=0 extruder: target=0 temp=28.3 pwm=0.000 sysload=0.20 cputime=189.606 memavail=3096340
Stats 52834.5: gcodein=0 mcu: mcu_awake=0.000 mcu_task_avg=0.000001 mcu_task_stddev=0.000001 bytes_write=3766 bytes_read=11663 bytes_retransmit=9 bytes_invalid=0 send_seq=298 receive_seq=298 retransmit_seq=2 srtt=0.003 rttvar=0.001 rto=0.025 ready_bytes=0 upcoming_bytes=0 freq=519991801 EBBusb: mcu_awake=0.008 mcu_task_avg=0.000058 mcu_task_stddev=0.000225 bytes_write=2023 bytes_read=8464 bytes_retransmit=9 bytes_invalid=0 send_seq=212 receive_seq=212 retransmit_seq=2 srtt=0.001 rttvar=0.001 rto=0.025 ready_bytes=0 upcoming_bytes=0 freq=63999777 adj=64000762 eddy: mcu_awake=0.000 mcu_task_avg=0.000003 mcu_task_stddev=0.000003 bytes_write=1164 bytes_read=8310 bytes_retransmit=9 bytes_invalid=0 send_seq=151 receive_seq=151 retransmit_seq=2 srtt=0.000 rttvar=0.000 rto=0.025 ready_bytes=0 upcoming_bytes=0 freq=12000319 adj=12000493 btt_eddy_mcu: temp=46.7 temperature_probe btt_eddy: temp=43.0 heater_bed: target=0 temp=27.4 pwm=0.000 chamber_heater: target=0 temp=29.5 pwm=0.000 toolhead_air: temp=30.0 print_time=2070.926 buffer_time=0.000 print_stall=0 extruder: target=0 temp=28.3 pwm=0.000 sysload=0.20 cputime=189.620 memavail=3098232
